2026-06-15 17:08:34 - Cleaner : delete_log_files : 35 - DEBUG - Days passed are not greater than 4
2026-06-15 17:08:34 - Temp Deleter : obtain_file_path : 22 - DEBUG - Current user's home directory: C:\Users\Tukusalifya
2026-06-15 17:08:34 - Temp Deleter : obtain_file_path : 25 - DEBUG - Temporary files directory: C:\Users\Tukusalifya\AppData\Local\Temp
2026-06-15 17:08:35 - Temp Deleter : obtain_file_path : 28 - DEBUG - Number of files in the temporary files directory: 1096
on 21: 2026-06-15 17:08:36 - Temp Deleter : delete_files : 61 - DEBUG - Permission denied skipping file: [WinError 32] The process cannot access the file because it is being used by another process: 'C:\\Users\\Tukusalifya\\AppData\\Local\\Temp\\1934b3e2-4bf1-48ff-8aef-c9b283369a87.tmp'
on 55: 2026-06-15 17:08:36 - Temp Deleter : delete_files : 61 - DEBUG - Permission denied skipping file: [WinError 32] The process cannot access the file because it is being used by another process: 'C:\\Users\\Tukusalifya\\AppData\\Local\\Temp\\5e38144c-4054-41a2-85f3-02c30d271db0.tmp'
on 85: 2026-06-15 17:08:36 - Temp Deleter : delete_files : 61 - DEBUG - Permission denied skipping file: [WinError 32] The process cannot access the file because it is being used by another process: 'C:\\Users\\Tukusalifya\\AppData\\Local\\Temp\\99b86972-95c8-4014-a136-a01ef988ede9.tmp'
on 122: 2026-06-15 17:08:36 - Temp Deleter : delete_files : 61 - DEBUG - Permission denied skipping file: [WinError 32] The process cannot access the file because it is being used by another process: 'C:\\Users\\Tukusalifya\\AppData\\Local\\Temp\\ce670905fb0592f12629dbd090522eca-{87A94AB0-E370-4cde-98D3-ACC110C5967D}'
on 188: 2026-06-15 17:08:36 - Temp Deleter : delete_files : 61 - DEBUG - Permission denied skipping file: [WinError 32] The process cannot access the file because it is being used by another process: 'C:\\Users\\Tukusalifya\\AppData\\Local\\Temp\\FXSAPIDebugLogFile.txt'
on 313: 2026-06-15 17:08:36 - Temp Deleter : delete_files : 61 - DEBUG - Permission denied skipping file: [WinError 32] The process cannot access the file because it is being used by another process: 'C:\\Users\\Tukusalifya\\AppData\\Local\\Temp\\~DF582C75411797EA95.TMP'
on 323: 2026-06-15 17:08:36 - Temp Deleter : delete_files : 61 - DEBUG - Permission denied skipping file: [WinError 5] Access is denied: 'C:\\Users\\Tukusalifya\\AppData\\Local\\Temp\\A73AD3EA-8E67-450A-81F4-D4294F76BFA1\\AppxProvider.dll'
on 324: 2026-06-15 17:08:36 - Temp Deleter : delete_files : 61 - DEBUG - Permission denied skipping file: [WinError 5] Access is denied: 'C:\\Users\\Tukusalifya\\AppData\\Local\\Temp\\A73AD3EA-8E67-450A-81F4-D4294F76BFA1\\AssocProvider.dll'
on 325: 2026-06-15 17:08:36 - Temp Deleter : delete_files : 61 - DEBUG - Permission denied skipping file: [WinError 5] Access is denied: 'C:\\Users\\Tukusalifya\\AppData\\Local\\Temp\\A73AD3EA-8E67-450A-81F4-D4294F76BFA1\\CbsProvider.dll'
on 326: 2026-06-15 17:08:36 - Temp Deleter : delete_files : 61 - DEBUG - Permission denied skipping file: [WinError 5] Access is denied: 'C:\\Users\\Tukusalifya\\AppData\\Local\\Temp\\A73AD3EA-8E67-450A-81F4-D4294F76BFA1\\DismCore.dll'
on 327: 2026-06-15 17:08:36 - Temp Deleter : delete_files : 61 - DEBUG - Permission denied skipping file: [WinError 5] Access is denied: 'C:\\Users\\Tukusalifya\\AppData\\Local\\Temp\\A73AD3EA-8E67-450A-81F4-D4294F76BFA1\\DismCorePS.dll'
on 328: 2026-06-15 17:08:36 - Temp Deleter : delete_files : 61 - DEBUG - Permission denied skipping file: [WinError 5] Access is denied: 'C:\\Users\\Tukusalifya\\AppData\\Local\\Temp\\A73AD3EA-8E67-450A-81F4-D4294F76BFA1\\DismHost.exe'
on 329: 2026-06-15 17:08:36 - Temp Deleter : delete_files : 61 - DEBUG - Permission denied skipping file: [WinError 5] Access is denied: 'C:\\Users\\Tukusalifya\\AppData\\Local\\Temp\\A73AD3EA-8E67-450A-81F4-D4294F76BFA1\\DismProv.dll'
on 330: 2026-06-15 17:08:36 - Temp Deleter : delete_files : 61 - DEBUG - Permission denied skipping file: [WinError 5] Access is denied: 'C:\\Users\\Tukusalifya\\AppData\\Local\\Temp\\A73AD3EA-8E67-450A-81F4-D4294F76BFA1\\DmiProvider.dll'
on 331: 2026-06-15 17:08:36 - Temp Deleter : delete_files : 61 - DEBUG - Permission denied skipping file: [WinError 5] Access is denied: 'C:\\Users\\Tukusalifya\\AppData\\Local\\Temp\\A73AD3EA-8E67-450A-81F4-D4294F76BFA1\\FfuProvider.dll'
on 332: 2026-06-15 17:08:36 - Temp Deleter : delete_files : 61 - DEBUG - Permission denied skipping file: [WinError 5] Access is denied: 'C:\\Users\\Tukusalifya\\AppData\\Local\\Temp\\A73AD3EA-8E67-450A-81F4-D4294F76BFA1\\FolderProvider.dll'
on 333: 2026-06-15 17:08:36 - Temp Deleter : delete_files : 61 - DEBUG - Permission denied skipping file: [WinError 5] Access is denied: 'C:\\Users\\Tukusalifya\\AppData\\Local\\Temp\\A73AD3EA-8E67-450A-81F4-D4294F76BFA1\\GenericProvider.dll'
on 334: 2026-06-15 17:08:36 - Temp Deleter : delete_files : 61 - DEBUG - Permission denied skipping file: [WinError 5] Access is denied: 'C:\\Users\\Tukusalifya\\AppData\\Local\\Temp\\A73AD3EA-8E67-450A-81F4-D4294F76BFA1\\IBSProvider.dll'
on 335: 2026-06-15 17:08:36 - Temp Deleter : delete_files : 61 - DEBUG - Permission denied skipping file: [WinError 5] Access is denied: 'C:\\Users\\Tukusalifya\\AppData\\Local\\Temp\\A73AD3EA-8E67-450A-81F4-D4294F76BFA1\\ImagingProvider.dll'
on 336: 2026-06-15 17:08:36 - Temp Deleter : delete_files : 61 - DEBUG - Permission denied skipping file: [WinError 5] Access is denied: 'C:\\Users\\Tukusalifya\\AppData\\Local\\Temp\\A73AD3EA-8E67-450A-81F4-D4294F76BFA1\\IntlProvider.dll'
on 337: 2026-06-15 17:08:36 - Temp Deleter : delete_files : 61 - DEBUG - Permission denied skipping file: [WinError 5] Access is denied: 'C:\\Users\\Tukusalifya\\AppData\\Local\\Temp\\A73AD3EA-8E67-450A-81F4-D4294F76BFA1\\LogProvider.dll'
on 338: 2026-06-15 17:08:36 - Temp Deleter : delete_files : 61 - DEBUG - Permission denied skipping file: [WinError 5] Access is denied: 'C:\\Users\\Tukusalifya\\AppData\\Local\\Temp\\A73AD3EA-8E67-450A-81F4-D4294F76BFA1\\MsiProvider.dll'
on 339: 2026-06-15 17:08:36 - Temp Deleter : delete_files : 61 - DEBUG - Permission denied skipping file: [WinError 5] Access is denied: 'C:\\Users\\Tukusalifya\\AppData\\Local\\Temp\\A73AD3EA-8E67-450A-81F4-D4294F76BFA1\\OfflineSetupProvider.dll'
on 340: 2026-06-15 17:08:36 - Temp Deleter : delete_files : 61 - DEBUG - Permission denied skipping file: [WinError 5] Access is denied: 'C:\\Users\\Tukusalifya\\AppData\\Local\\Temp\\A73AD3EA-8E67-450A-81F4-D4294F76BFA1\\OSProvider.dll'
on 341: 2026-06-15 17:08:36 - Temp Deleter : delete_files : 61 - DEBUG - Permission denied skipping file: [WinError 5] Access is denied: 'C:\\Users\\Tukusalifya\\AppData\\Local\\Temp\\A73AD3EA-8E67-450A-81F4-D4294F76BFA1\\ProvProvider.dll'
on 342: 2026-06-15 17:08:36 - Temp Deleter : delete_files : 61 - DEBUG - Permission denied skipping file: [WinError 5] Access is denied: 'C:\\Users\\Tukusalifya\\AppData\\Local\\Temp\\A73AD3EA-8E67-450A-81F4-D4294F76BFA1\\SetupPlatformProvider.dll'
on 343: 2026-06-15 17:08:36 - Temp Deleter : delete_files : 61 - DEBUG - Permission denied skipping file: [WinError 5] Access is denied: 'C:\\Users\\Tukusalifya\\AppData\\Local\\Temp\\A73AD3EA-8E67-450A-81F4-D4294F76BFA1\\SmiProvider.dll'
on 344: 2026-06-15 17:08:36 - Temp Deleter : delete_files : 61 - DEBUG - Permission denied skipping file: [WinError 5] Access is denied: 'C:\\Users\\Tukusalifya\\AppData\\Local\\Temp\\A73AD3EA-8E67-450A-81F4-D4294F76BFA1\\SysprepProvider.dll'
on 345: 2026-06-15 17:08:36 - Temp Deleter : delete_files : 61 - DEBUG - Permission denied skipping file: [WinError 5] Access is denied: 'C:\\Users\\Tukusalifya\\AppData\\Local\\Temp\\A73AD3EA-8E67-450A-81F4-D4294F76BFA1\\TransmogProvider.dll'
on 346: 2026-06-15 17:08:36 - Temp Deleter : delete_files : 61 - DEBUG - Permission denied skipping file: [WinError 5] Access is denied: 'C:\\Users\\Tukusalifya\\AppData\\Local\\Temp\\A73AD3EA-8E67-450A-81F4-D4294F76BFA1\\UnattendProvider.dll'
on 347: 2026-06-15 17:08:36 - Temp Deleter : delete_files : 61 - DEBUG - Permission denied skipping file: [WinError 5] Access is denied: 'C:\\Users\\Tukusalifya\\AppData\\Local\\Temp\\A73AD3EA-8E67-450A-81F4-D4294F76BFA1\\VhdProvider.dll'
on 348: 2026-06-15 17:08:36 - Temp Deleter : delete_files : 61 - DEBUG - Permission denied skipping file: [WinError 5] Access is denied: 'C:\\Users\\Tukusalifya\\AppData\\Local\\Temp\\A73AD3EA-8E67-450A-81F4-D4294F76BFA1\\WimProvider.dll'
on 349: 2026-06-15 17:08:36 - Temp Deleter : delete_files : 61 - DEBUG - Permission denied skipping file: [WinError 32] The process cannot access the file because it is being used by another process: 'C:\\Users\\Tukusalifya\\AppData\\Local\\Temp\\AdobeVulcan\\AdobeIPCBroker.log'
on 350: 2026-06-15 17:08:36 - Temp Deleter : delete_files : 61 - DEBUG - Permission denied skipping file: [WinError 5] Access is denied: 'C:\\Users\\Tukusalifya\\AppData\\Local\\Temp\\B7BFB2C6-B6D6-4A90-9668-203A2EC8FDA3\\AppxProvider.dll'
on 351: 2026-06-15 17:08:36 - Temp Deleter : delete_files : 61 - DEBUG - Permission denied skipping file: [WinError 5] Access is denied: 'C:\\Users\\Tukusalifya\\AppData\\Local\\Temp\\B7BFB2C6-B6D6-4A90-9668-203A2EC8FDA3\\AssocProvider.dll'
on 352: 2026-06-15 17:08:36 - Temp Deleter : delete_files : 61 - DEBUG - Permission denied skipping file: [WinError 5] Access is denied: 'C:\\Users\\Tukusalifya\\AppData\\Local\\Temp\\B7BFB2C6-B6D6-4A90-9668-203A2EC8FDA3\\CbsProvider.dll'
on 353: 2026-06-15 17:08:36 - Temp Deleter : delete_files : 61 - DEBUG - Permission denied skipping file: [WinError 5] Access is denied: 'C:\\Users\\Tukusalifya\\AppData\\Local\\Temp\\B7BFB2C6-B6D6-4A90-9668-203A2EC8FDA3\\DismCore.dll'
on 354: 2026-06-15 17:08:36 - Temp Deleter : delete_files : 61 - DEBUG - Permission denied skipping file: [WinError 5] Access is denied: 'C:\\Users\\Tukusalifya\\AppData\\Local\\Temp\\B7BFB2C6-B6D6-4A90-9668-203A2EC8FDA3\\DismCorePS.dll'
on 355: 2026-06-15 17:08:36 - Temp Deleter : delete_files : 61 - DEBUG - Permission denied skipping file: [WinError 5] Access is denied: 'C:\\Users\\Tukusalifya\\AppData\\Local\\Temp\\B7BFB2C6-B6D6-4A90-9668-203A2EC8FDA3\\DismHost.exe'
on 356: 2026-06-15 17:08:36 - Temp Deleter : delete_files : 61 - DEBUG - Permission denied skipping file: [WinError 5] Access is denied: 'C:\\Users\\Tukusalifya\\AppData\\Local\\Temp\\B7BFB2C6-B6D6-4A90-9668-203A2EC8FDA3\\DismProv.dll'
on 357: 2026-06-15 17:08:36 - Temp Deleter : delete_files : 61 - DEBUG - Permission denied skipping file: [WinError 5] Access is denied: 'C:\\Users\\Tukusalifya\\AppData\\Local\\Temp\\B7BFB2C6-B6D6-4A90-9668-203A2EC8FDA3\\DmiProvider.dll'
on 358: 2026-06-15 17:08:36 - Temp Deleter : delete_files : 61 - DEBUG - Permission denied skipping file: [WinError 5] Access is denied: 'C:\\Users\\Tukusalifya\\AppData\\Local\\Temp\\B7BFB2C6-B6D6-4A90-9668-203A2EC8FDA3\\FfuProvider.dll'
on 359: 2026-06-15 17:08:36 - Temp Deleter : delete_files : 61 - DEBUG - Permission denied skipping file: [WinError 5] Access is denied: 'C:\\Users\\Tukusalifya\\AppData\\Local\\Temp\\B7BFB2C6-B6D6-4A90-9668-203A2EC8FDA3\\FolderProvider.dll'
on 360: 2026-06-15 17:08:36 - Temp Deleter : delete_files : 61 - DEBUG - Permission denied skipping file: [WinError 5] Access is denied: 'C:\\Users\\Tukusalifya\\AppData\\Local\\Temp\\B7BFB2C6-B6D6-4A90-9668-203A2EC8FDA3\\GenericProvider.dll'
on 361: 2026-06-15 17:08:36 - Temp Deleter : delete_files : 61 - DEBUG - Permission denied skipping file: [WinError 5] Access is denied: 'C:\\Users\\Tukusalifya\\AppData\\Local\\Temp\\B7BFB2C6-B6D6-4A90-9668-203A2EC8FDA3\\IBSProvider.dll'
on 362: 2026-06-15 17:08:36 - Temp Deleter : delete_files : 61 - DEBUG - Permission denied skipping file: [WinError 5] Access is denied: 'C:\\Users\\Tukusalifya\\AppData\\Local\\Temp\\B7BFB2C6-B6D6-4A90-9668-203A2EC8FDA3\\ImagingProvider.dll'
on 363: 2026-06-15 17:08:36 - Temp Deleter : delete_files : 61 - DEBUG - Permission denied skipping file: [WinError 5] Access is denied: 'C:\\Users\\Tukusalifya\\AppData\\Local\\Temp\\B7BFB2C6-B6D6-4A90-9668-203A2EC8FDA3\\IntlProvider.dll'
on 364: 2026-06-15 17:08:36 - Temp Deleter : delete_files : 61 - DEBUG - Permission denied skipping file: [WinError 5] Access is denied: 'C:\\Users\\Tukusalifya\\AppData\\Local\\Temp\\B7BFB2C6-B6D6-4A90-9668-203A2EC8FDA3\\LogProvider.dll'
on 365: 2026-06-15 17:08:36 - Temp Deleter : delete_files : 61 - DEBUG - Permission denied skipping file: [WinError 5] Access is denied: 'C:\\Users\\Tukusalifya\\AppData\\Local\\Temp\\B7BFB2C6-B6D6-4A90-9668-203A2EC8FDA3\\MsiProvider.dll'
on 366: 2026-06-15 17:08:36 - Temp Deleter : delete_files : 61 - DEBUG - Permission denied skipping file: [WinError 5] Access is denied: 'C:\\Users\\Tukusalifya\\AppData\\Local\\Temp\\B7BFB2C6-B6D6-4A90-9668-203A2EC8FDA3\\OfflineSetupProvider.dll'
on 367: 2026-06-15 17:08:36 - Temp Deleter : delete_files : 61 - DEBUG - Permission denied skipping file: [WinError 5] Access is denied: 'C:\\Users\\Tukusalifya\\AppData\\Local\\Temp\\B7BFB2C6-B6D6-4A90-9668-203A2EC8FDA3\\OSProvider.dll'
on 368: 2026-06-15 17:08:36 - Temp Deleter : delete_files : 61 - DEBUG - Permission denied skipping file: [WinError 5] Access is denied: 'C:\\Users\\Tukusalifya\\AppData\\Local\\Temp\\B7BFB2C6-B6D6-4A90-9668-203A2EC8FDA3\\ProvProvider.dll'
on 369: 2026-06-15 17:08:36 - Temp Deleter : delete_files : 61 - DEBUG - Permission denied skipping file: [WinError 5] Access is denied: 'C:\\Users\\Tukusalifya\\AppData\\Local\\Temp\\B7BFB2C6-B6D6-4A90-9668-203A2EC8FDA3\\SetupPlatformProvider.dll'
on 370: 2026-06-15 17:08:36 - Temp Deleter : delete_files : 61 - DEBUG - Permission denied skipping file: [WinError 5] Access is denied: 'C:\\Users\\Tukusalifya\\AppData\\Local\\Temp\\B7BFB2C6-B6D6-4A90-9668-203A2EC8FDA3\\SmiProvider.dll'
on 371: 2026-06-15 17:08:37 - Temp Deleter : delete_files : 61 - DEBUG - Permission denied skipping file: [WinError 5] Access is denied: 'C:\\Users\\Tukusalifya\\AppData\\Local\\Temp\\B7BFB2C6-B6D6-4A90-9668-203A2EC8FDA3\\SysprepProvider.dll'
on 372: 2026-06-15 17:08:37 - Temp Deleter : delete_files : 61 - DEBUG - Permission denied skipping file: [WinError 5] Access is denied: 'C:\\Users\\Tukusalifya\\AppData\\Local\\Temp\\B7BFB2C6-B6D6-4A90-9668-203A2EC8FDA3\\TransmogProvider.dll'
on 373: 2026-06-15 17:08:37 - Temp Deleter : delete_files : 61 - DEBUG - Permission denied skipping file: [WinError 5] Access is denied: 'C:\\Users\\Tukusalifya\\AppData\\Local\\Temp\\B7BFB2C6-B6D6-4A90-9668-203A2EC8FDA3\\UnattendProvider.dll'
on 374: 2026-06-15 17:08:37 - Temp Deleter : delete_files : 61 - DEBUG - Permission denied skipping file: [WinError 5] Access is denied: 'C:\\Users\\Tukusalifya\\AppData\\Local\\Temp\\B7BFB2C6-B6D6-4A90-9668-203A2EC8FDA3\\VhdProvider.dll'
on 375: 2026-06-15 17:08:37 - Temp Deleter : delete_files : 61 - DEBUG - Permission denied skipping file: [WinError 5] Access is denied: 'C:\\Users\\Tukusalifya\\AppData\\Local\\Temp\\B7BFB2C6-B6D6-4A90-9668-203A2EC8FDA3\\WimProvider.dll'
on 378: 2026-06-15 17:08:37 - Temp Deleter : delete_files : 61 - DEBUG - Permission denied skipping file: [WinError 5] Access is denied: 'C:\\Users\\Tukusalifya\\AppData\\Local\\Temp\\D459A57C-CBA8-421D-8B25-8476A34F5BC0\\AppxProvider.dll'
on 379: 2026-06-15 17:08:37 - Temp Deleter : delete_files : 61 - DEBUG - Permission denied skipping file: [WinError 5] Access is denied: 'C:\\Users\\Tukusalifya\\AppData\\Local\\Temp\\D459A57C-CBA8-421D-8B25-8476A34F5BC0\\AssocProvider.dll'
on 380: 2026-06-15 17:08:37 - Temp Deleter : delete_files : 61 - DEBUG - Permission denied skipping file: [WinError 5] Access is denied: 'C:\\Users\\Tukusalifya\\AppData\\Local\\Temp\\D459A57C-CBA8-421D-8B25-8476A34F5BC0\\CbsProvider.dll'
on 381: 2026-06-15 17:08:37 - Temp Deleter : delete_files : 61 - DEBUG - Permission denied skipping file: [WinError 5] Access is denied: 'C:\\Users\\Tukusalifya\\AppData\\Local\\Temp\\D459A57C-CBA8-421D-8B25-8476A34F5BC0\\DismCore.dll'
on 382: 2026-06-15 17:08:37 - Temp Deleter : delete_files : 61 - DEBUG - Permission denied skipping file: [WinError 5] Access is denied: 'C:\\Users\\Tukusalifya\\AppData\\Local\\Temp\\D459A57C-CBA8-421D-8B25-8476A34F5BC0\\DismCorePS.dll'
on 383: 2026-06-15 17:08:37 - Temp Deleter : delete_files : 61 - DEBUG - Permission denied skipping file: [WinError 5] Access is denied: 'C:\\Users\\Tukusalifya\\AppData\\Local\\Temp\\D459A57C-CBA8-421D-8B25-8476A34F5BC0\\DismHost.exe'
on 384: 2026-06-15 17:08:37 - Temp Deleter : delete_files : 61 - DEBUG - Permission denied skipping file: [WinError 5] Access is denied: 'C:\\Users\\Tukusalifya\\AppData\\Local\\Temp\\D459A57C-CBA8-421D-8B25-8476A34F5BC0\\DismProv.dll'
on 385: 2026-06-15 17:08:37 - Temp Deleter : delete_files : 61 - DEBUG - Permission denied skipping file: [WinError 5] Access is denied: 'C:\\Users\\Tukusalifya\\AppData\\Local\\Temp\\D459A57C-CBA8-421D-8B25-8476A34F5BC0\\DmiProvider.dll'
on 386: 2026-06-15 17:08:37 - Temp Deleter : delete_files : 61 - DEBUG - Permission denied skipping file: [WinError 5] Access is denied: 'C:\\Users\\Tukusalifya\\AppData\\Local\\Temp\\D459A57C-CBA8-421D-8B25-8476A34F5BC0\\FfuProvider.dll'
on 387: 2026-06-15 17:08:37 - Temp Deleter : delete_files : 61 - DEBUG - Permission denied skipping file: [WinError 5] Access is denied: 'C:\\Users\\Tukusalifya\\AppData\\Local\\Temp\\D459A57C-CBA8-421D-8B25-8476A34F5BC0\\FolderProvider.dll'
on 388: 2026-06-15 17:08:37 - Temp Deleter : delete_files : 61 - DEBUG - Permission denied skipping file: [WinError 5] Access is denied: 'C:\\Users\\Tukusalifya\\AppData\\Local\\Temp\\D459A57C-CBA8-421D-8B25-8476A34F5BC0\\GenericProvider.dll'
on 389: 2026-06-15 17:08:37 - Temp Deleter : delete_files : 61 - DEBUG - Permission denied skipping file: [WinError 5] Access is denied: 'C:\\Users\\Tukusalifya\\AppData\\Local\\Temp\\D459A57C-CBA8-421D-8B25-8476A34F5BC0\\IBSProvider.dll'
on 390: 2026-06-15 17:08:37 - Temp Deleter : delete_files : 61 - DEBUG - Permission denied skipping file: [WinError 5] Access is denied: 'C:\\Users\\Tukusalifya\\AppData\\Local\\Temp\\D459A57C-CBA8-421D-8B25-8476A34F5BC0\\ImagingProvider.dll'
on 391: 2026-06-15 17:08:37 - Temp Deleter : delete_files : 61 - DEBUG - Permission denied skipping file: [WinError 5] Access is denied: 'C:\\Users\\Tukusalifya\\AppData\\Local\\Temp\\D459A57C-CBA8-421D-8B25-8476A34F5BC0\\IntlProvider.dll'
on 392: 2026-06-15 17:08:37 - Temp Deleter : delete_files : 61 - DEBUG - Permission denied skipping file: [WinError 5] Access is denied: 'C:\\Users\\Tukusalifya\\AppData\\Local\\Temp\\D459A57C-CBA8-421D-8B25-8476A34F5BC0\\LogProvider.dll'
on 393: 2026-06-15 17:08:37 - Temp Deleter : delete_files : 61 - DEBUG - Permission denied skipping file: [WinError 5] Access is denied: 'C:\\Users\\Tukusalifya\\AppData\\Local\\Temp\\D459A57C-CBA8-421D-8B25-8476A34F5BC0\\MsiProvider.dll'
on 394: 2026-06-15 17:08:37 - Temp Deleter : delete_files : 61 - DEBUG - Permission denied skipping file: [WinError 5] Access is denied: 'C:\\Users\\Tukusalifya\\AppData\\Local\\Temp\\D459A57C-CBA8-421D-8B25-8476A34F5BC0\\OfflineSetupProvider.dll'
on 395: 2026-06-15 17:08:37 - Temp Deleter : delete_files : 61 - DEBUG - Permission denied skipping file: [WinError 5] Access is denied: 'C:\\Users\\Tukusalifya\\AppData\\Local\\Temp\\D459A57C-CBA8-421D-8B25-8476A34F5BC0\\OSProvider.dll'
on 396: 2026-06-15 17:08:37 - Temp Deleter : delete_files : 61 - DEBUG - Permission denied skipping file: [WinError 5] Access is denied: 'C:\\Users\\Tukusalifya\\AppData\\Local\\Temp\\D459A57C-CBA8-421D-8B25-8476A34F5BC0\\ProvProvider.dll'
on 397: 2026-06-15 17:08:37 - Temp Deleter : delete_files : 61 - DEBUG - Permission denied skipping file: [WinError 5] Access is denied: 'C:\\Users\\Tukusalifya\\AppData\\Local\\Temp\\D459A57C-CBA8-421D-8B25-8476A34F5BC0\\SetupPlatformProvider.dll'
on 398: 2026-06-15 17:08:37 - Temp Deleter : delete_files : 61 - DEBUG - Permission denied skipping file: [WinError 5] Access is denied: 'C:\\Users\\Tukusalifya\\AppData\\Local\\Temp\\D459A57C-CBA8-421D-8B25-8476A34F5BC0\\SmiProvider.dll'
on 399: 2026-06-15 17:08:37 - Temp Deleter : delete_files : 61 - DEBUG - Permission denied skipping file: [WinError 5] Access is denied: 'C:\\Users\\Tukusalifya\\AppData\\Local\\Temp\\D459A57C-CBA8-421D-8B25-8476A34F5BC0\\SysprepProvider.dll'
on 400: 2026-06-15 17:08:37 - Temp Deleter : delete_files : 61 - DEBUG - Permission denied skipping file: [WinError 5] Access is denied: 'C:\\Users\\Tukusalifya\\AppData\\Local\\Temp\\D459A57C-CBA8-421D-8B25-8476A34F5BC0\\TransmogProvider.dll'
on 401: 2026-06-15 17:08:37 - Temp Deleter : delete_files : 61 - DEBUG - Permission denied skipping file: [WinError 5] Access is denied: 'C:\\Users\\Tukusalifya\\AppData\\Local\\Temp\\D459A57C-CBA8-421D-8B25-8476A34F5BC0\\UnattendProvider.dll'
on 402: 2026-06-15 17:08:37 - Temp Deleter : delete_files : 61 - DEBUG - Permission denied skipping file: [WinError 5] Access is denied: 'C:\\Users\\Tukusalifya\\AppData\\Local\\Temp\\D459A57C-CBA8-421D-8B25-8476A34F5BC0\\VhdProvider.dll'
on 403: 2026-06-15 17:08:37 - Temp Deleter : delete_files : 61 - DEBUG - Permission denied skipping file: [WinError 5] Access is denied: 'C:\\Users\\Tukusalifya\\AppData\\Local\\Temp\\D459A57C-CBA8-421D-8B25-8476A34F5BC0\\WimProvider.dll'
on 437: 2026-06-15 17:08:37 - Temp Deleter : delete_files : 61 - DEBUG - Permission denied skipping file: [WinError 32] The process cannot access the file because it is being used by another process: 'C:\\Users\\Tukusalifya\\AppData\\Local\\Temp\\NGL\\NGLClient_CCLibrary23.22.log'
on 446: 2026-06-15 17:08:37 - Temp Deleter : delete_files : 61 - DEBUG - Permission denied skipping file: [WinError 32] The process cannot access the file because it is being used by another process: 'C:\\Users\\Tukusalifya\\AppData\\Local\\Temp\\NGL\\NGLClient_CCXProcess14.13.log'
on 493: 2026-06-15 17:08:37 - Temp Deleter : delete_files : 61 - DEBUG - Permission denied skipping file: [WinError 5] Access is denied: 'C:\\Users\\Tukusalifya\\AppData\\Local\\Temp\\A73AD3EA-8E67-450A-81F4-D4294F76BFA1\\en-US\\AppxProvider.dll.mui'
on 494: 2026-06-15 17:08:37 - Temp Deleter : delete_files : 61 - DEBUG - Permission denied skipping file: [WinError 5] Access is denied: 'C:\\Users\\Tukusalifya\\AppData\\Local\\Temp\\A73AD3EA-8E67-450A-81F4-D4294F76BFA1\\en-US\\AssocProvider.dll.mui'
on 495: 2026-06-15 17:08:37 - Temp Deleter : delete_files : 61 - DEBUG - Permission denied skipping file: [WinError 5] Access is denied: 'C:\\Users\\Tukusalifya\\AppData\\Local\\Temp\\A73AD3EA-8E67-450A-81F4-D4294F76BFA1\\en-US\\CbsProvider.dll.mui'
on 496: 2026-06-15 17:08:37 - Temp Deleter : delete_files : 61 - DEBUG - Permission denied skipping file: [WinError 5] Access is denied: 'C:\\Users\\Tukusalifya\\AppData\\Local\\Temp\\A73AD3EA-8E67-450A-81F4-D4294F76BFA1\\en-US\\DismCore.dll.mui'
on 497: 2026-06-15 17:08:37 - Temp Deleter : delete_files : 61 - DEBUG - Permission denied skipping file: [WinError 5] Access is denied: 'C:\\Users\\Tukusalifya\\AppData\\Local\\Temp\\A73AD3EA-8E67-450A-81F4-D4294F76BFA1\\en-US\\DismProv.dll.mui'
on 498: 2026-06-15 17:08:37 - Temp Deleter : delete_files : 61 - DEBUG - Permission denied skipping file: [WinError 5] Access is denied: 'C:\\Users\\Tukusalifya\\AppData\\Local\\Temp\\A73AD3EA-8E67-450A-81F4-D4294F76BFA1\\en-US\\DmiProvider.dll.mui'
on 499: 2026-06-15 17:08:37 - Temp Deleter : delete_files : 61 - DEBUG - Permission denied skipping file: [WinError 5] Access is denied: 'C:\\Users\\Tukusalifya\\AppData\\Local\\Temp\\A73AD3EA-8E67-450A-81F4-D4294F76BFA1\\en-US\\FfuProvider.dll.mui'
on 500: 2026-06-15 17:08:37 - Temp Deleter : delete_files : 61 - DEBUG - Permission denied skipping file: [WinError 5] Access is denied: 'C:\\Users\\Tukusalifya\\AppData\\Local\\Temp\\A73AD3EA-8E67-450A-81F4-D4294F76BFA1\\en-US\\FolderProvider.dll.mui'
on 501: 2026-06-15 17:08:37 - Temp Deleter : delete_files : 61 - DEBUG - Permission denied skipping file: [WinError 5] Access is denied: 'C:\\Users\\Tukusalifya\\AppData\\Local\\Temp\\A73AD3EA-8E67-450A-81F4-D4294F76BFA1\\en-US\\GenericProvider.dll.mui'
on 502: 2026-06-15 17:08:37 - Temp Deleter : delete_files : 61 - DEBUG - Permission denied skipping file: [WinError 5] Access is denied: 'C:\\Users\\Tukusalifya\\AppData\\Local\\Temp\\A73AD3EA-8E67-450A-81F4-D4294F76BFA1\\en-US\\IBSProvider.dll.mui'
on 503: 2026-06-15 17:08:37 - Temp Deleter : delete_files : 61 - DEBUG - Permission denied skipping file: [WinError 5] Access is denied: 'C:\\Users\\Tukusalifya\\AppData\\Local\\Temp\\A73AD3EA-8E67-450A-81F4-D4294F76BFA1\\en-US\\ImagingProvider.dll.mui'
on 504: 2026-06-15 17:08:37 - Temp Deleter : delete_files : 61 - DEBUG - Permission denied skipping file: [WinError 5] Access is denied: 'C:\\Users\\Tukusalifya\\AppData\\Local\\Temp\\A73AD3EA-8E67-450A-81F4-D4294F76BFA1\\en-US\\IntlProvider.dll.mui'
on 505: 2026-06-15 17:08:37 - Temp Deleter : delete_files : 61 - DEBUG - Permission denied skipping file: [WinError 5] Access is denied: 'C:\\Users\\Tukusalifya\\AppData\\Local\\Temp\\A73AD3EA-8E67-450A-81F4-D4294F76BFA1\\en-US\\LogProvider.dll.mui'
on 506: 2026-06-15 17:08:37 - Temp Deleter : delete_files : 61 - DEBUG - Permission denied skipping file: [WinError 5] Access is denied: 'C:\\Users\\Tukusalifya\\AppData\\Local\\Temp\\A73AD3EA-8E67-450A-81F4-D4294F76BFA1\\en-US\\MsiProvider.dll.mui'
on 507: 2026-06-15 17:08:37 - Temp Deleter : delete_files : 61 - DEBUG - Permission denied skipping file: [WinError 5] Access is denied: 'C:\\Users\\Tukusalifya\\AppData\\Local\\Temp\\A73AD3EA-8E67-450A-81F4-D4294F76BFA1\\en-US\\OfflineSetupProvider.dll.mui'
on 508: 2026-06-15 17:08:37 - Temp Deleter : delete_files : 61 - DEBUG - Permission denied skipping file: [WinError 5] Access is denied: 'C:\\Users\\Tukusalifya\\AppData\\Local\\Temp\\A73AD3EA-8E67-450A-81F4-D4294F76BFA1\\en-US\\OSProvider.dll.mui'
on 509: 2026-06-15 17:08:37 - Temp Deleter : delete_files : 61 - DEBUG - Permission denied skipping file: [WinError 5] Access is denied: 'C:\\Users\\Tukusalifya\\AppData\\Local\\Temp\\A73AD3EA-8E67-450A-81F4-D4294F76BFA1\\en-US\\ProvProvider.dll.mui'
on 510: 2026-06-15 17:08:37 - Temp Deleter : delete_files : 61 - DEBUG - Permission denied skipping file: [WinError 5] Access is denied: 'C:\\Users\\Tukusalifya\\AppData\\Local\\Temp\\A73AD3EA-8E67-450A-81F4-D4294F76BFA1\\en-US\\SetupPlatformProvider.dll.mui'
on 511: 2026-06-15 17:08:37 - Temp Deleter : delete_files : 61 - DEBUG - Permission denied skipping file: [WinError 5] Access is denied: 'C:\\Users\\Tukusalifya\\AppData\\Local\\Temp\\A73AD3EA-8E67-450A-81F4-D4294F76BFA1\\en-US\\SmiProvider.dll.mui'
on 512: 2026-06-15 17:08:37 - Temp Deleter : delete_files : 61 - DEBUG - Permission denied skipping file: [WinError 5] Access is denied: 'C:\\Users\\Tukusalifya\\AppData\\Local\\Temp\\A73AD3EA-8E67-450A-81F4-D4294F76BFA1\\en-US\\SysprepProvider.dll.mui'
on 513: 2026-06-15 17:08:37 - Temp Deleter : delete_files : 61 - DEBUG - Permission denied skipping file: [WinError 5] Access is denied: 'C:\\Users\\Tukusalifya\\AppData\\Local\\Temp\\A73AD3EA-8E67-450A-81F4-D4294F76BFA1\\en-US\\TransmogProvider.dll.mui'
on 514: 2026-06-15 17:08:37 - Temp Deleter : delete_files : 61 - DEBUG - Permission denied skipping file: [WinError 5] Access is denied: 'C:\\Users\\Tukusalifya\\AppData\\Local\\Temp\\A73AD3EA-8E67-450A-81F4-D4294F76BFA1\\en-US\\UnattendProvider.dll.mui'
on 515: 2026-06-15 17:08:37 - Temp Deleter : delete_files : 61 - DEBUG - Permission denied skipping file: [WinError 5] Access is denied: 'C:\\Users\\Tukusalifya\\AppData\\Local\\Temp\\A73AD3EA-8E67-450A-81F4-D4294F76BFA1\\en-US\\VhdProvider.dll.mui'
on 516: 2026-06-15 17:08:37 - Temp Deleter : delete_files : 61 - DEBUG - Permission denied skipping file: [WinError 5] Access is denied: 'C:\\Users\\Tukusalifya\\AppData\\Local\\Temp\\A73AD3EA-8E67-450A-81F4-D4294F76BFA1\\en-US\\WimProvider.dll.mui'
on 517: 2026-06-15 17:08:37 - Temp Deleter : delete_files : 61 - DEBUG - Permission denied skipping file: [WinError 5] Access is denied: 'C:\\Users\\Tukusalifya\\AppData\\Local\\Temp\\B7BFB2C6-B6D6-4A90-9668-203A2EC8FDA3\\en-US\\AppxProvider.dll.mui'
on 518: 2026-06-15 17:08:37 - Temp Deleter : delete_files : 61 - DEBUG - Permission denied skipping file: [WinError 5] Access is denied: 'C:\\Users\\Tukusalifya\\AppData\\Local\\Temp\\B7BFB2C6-B6D6-4A90-9668-203A2EC8FDA3\\en-US\\AssocProvider.dll.mui'
on 519: 2026-06-15 17:08:37 - Temp Deleter : delete_files : 61 - DEBUG - Permission denied skipping file: [WinError 5] Access is denied: 'C:\\Users\\Tukusalifya\\AppData\\Local\\Temp\\B7BFB2C6-B6D6-4A90-9668-203A2EC8FDA3\\en-US\\CbsProvider.dll.mui'
on 520: 2026-06-15 17:08:37 - Temp Deleter : delete_files : 61 - DEBUG - Permission denied skipping file: [WinError 5] Access is denied: 'C:\\Users\\Tukusalifya\\AppData\\Local\\Temp\\B7BFB2C6-B6D6-4A90-9668-203A2EC8FDA3\\en-US\\DismCore.dll.mui'
on 521: 2026-06-15 17:08:37 - Temp Deleter : delete_files : 61 - DEBUG - Permission denied skipping file: [WinError 5] Access is denied: 'C:\\Users\\Tukusalifya\\AppData\\Local\\Temp\\B7BFB2C6-B6D6-4A90-9668-203A2EC8FDA3\\en-US\\DismProv.dll.mui'
on 522: 2026-06-15 17:08:37 - Temp Deleter : delete_files : 61 - DEBUG - Permission denied skipping file: [WinError 5] Access is denied: 'C:\\Users\\Tukusalifya\\AppData\\Local\\Temp\\B7BFB2C6-B6D6-4A90-9668-203A2EC8FDA3\\en-US\\DmiProvider.dll.mui'
on 523: 2026-06-15 17:08:37 - Temp Deleter : delete_files : 61 - DEBUG - Permission denied skipping file: [WinError 5] Access is denied: 'C:\\Users\\Tukusalifya\\AppData\\Local\\Temp\\B7BFB2C6-B6D6-4A90-9668-203A2EC8FDA3\\en-US\\FfuProvider.dll.mui'
on 524: 2026-06-15 17:08:37 - Temp Deleter : delete_files : 61 - DEBUG - Permission denied skipping file: [WinError 5] Access is denied: 'C:\\Users\\Tukusalifya\\AppData\\Local\\Temp\\B7BFB2C6-B6D6-4A90-9668-203A2EC8FDA3\\en-US\\FolderProvider.dll.mui'
on 525: 2026-06-15 17:08:37 - Temp Deleter : delete_files : 61 - DEBUG - Permission denied skipping file: [WinError 5] Access is denied: 'C:\\Users\\Tukusalifya\\AppData\\Local\\Temp\\B7BFB2C6-B6D6-4A90-9668-203A2EC8FDA3\\en-US\\GenericProvider.dll.mui'
on 526: 2026-06-15 17:08:37 - Temp Deleter : delete_files : 61 - DEBUG - Permission denied skipping file: [WinError 5] Access is denied: 'C:\\Users\\Tukusalifya\\AppData\\Local\\Temp\\B7BFB2C6-B6D6-4A90-9668-203A2EC8FDA3\\en-US\\IBSProvider.dll.mui'
on 527: 2026-06-15 17:08:37 - Temp Deleter : delete_files : 61 - DEBUG - Permission denied skipping file: [WinError 5] Access is denied: 'C:\\Users\\Tukusalifya\\AppData\\Local\\Temp\\B7BFB2C6-B6D6-4A90-9668-203A2EC8FDA3\\en-US\\ImagingProvider.dll.mui'
on 528: 2026-06-15 17:08:37 - Temp Deleter : delete_files : 61 - DEBUG - Permission denied skipping file: [WinError 5] Access is denied: 'C:\\Users\\Tukusalifya\\AppData\\Local\\Temp\\B7BFB2C6-B6D6-4A90-9668-203A2EC8FDA3\\en-US\\IntlProvider.dll.mui'
on 529: 2026-06-15 17:08:37 - Temp Deleter : delete_files : 61 - DEBUG - Permission denied skipping file: [WinError 5] Access is denied: 'C:\\Users\\Tukusalifya\\AppData\\Local\\Temp\\B7BFB2C6-B6D6-4A90-9668-203A2EC8FDA3\\en-US\\LogProvider.dll.mui'
on 530: 2026-06-15 17:08:37 - Temp Deleter : delete_files : 61 - DEBUG - Permission denied skipping file: [WinError 5] Access is denied: 'C:\\Users\\Tukusalifya\\AppData\\Local\\Temp\\B7BFB2C6-B6D6-4A90-9668-203A2EC8FDA3\\en-US\\MsiProvider.dll.mui'
on 531: 2026-06-15 17:08:37 - Temp Deleter : delete_files : 61 - DEBUG - Permission denied skipping file: [WinError 5] Access is denied: 'C:\\Users\\Tukusalifya\\AppData\\Local\\Temp\\B7BFB2C6-B6D6-4A90-9668-203A2EC8FDA3\\en-US\\OfflineSetupProvider.dll.mui'
on 532: 2026-06-15 17:08:37 - Temp Deleter : delete_files : 61 - DEBUG - Permission denied skipping file: [WinError 5] Access is denied: 'C:\\Users\\Tukusalifya\\AppData\\Local\\Temp\\B7BFB2C6-B6D6-4A90-9668-203A2EC8FDA3\\en-US\\OSProvider.dll.mui'
on 533: 2026-06-15 17:08:37 - Temp Deleter : delete_files : 61 - DEBUG - Permission denied skipping file: [WinError 5] Access is denied: 'C:\\Users\\Tukusalifya\\AppData\\Local\\Temp\\B7BFB2C6-B6D6-4A90-9668-203A2EC8FDA3\\en-US\\ProvProvider.dll.mui'
on 534: 2026-06-15 17:08:37 - Temp Deleter : delete_files : 61 - DEBUG - Permission denied skipping file: [WinError 5] Access is denied: 'C:\\Users\\Tukusalifya\\AppData\\Local\\Temp\\B7BFB2C6-B6D6-4A90-9668-203A2EC8FDA3\\en-US\\SetupPlatformProvider.dll.mui'
on 535: 2026-06-15 17:08:37 - Temp Deleter : delete_files : 61 - DEBUG - Permission denied skipping file: [WinError 5] Access is denied: 'C:\\Users\\Tukusalifya\\AppData\\Local\\Temp\\B7BFB2C6-B6D6-4A90-9668-203A2EC8FDA3\\en-US\\SmiProvider.dll.mui'
on 536: 2026-06-15 17:08:37 - Temp Deleter : delete_files : 61 - DEBUG - Permission denied skipping file: [WinError 5] Access is denied: 'C:\\Users\\Tukusalifya\\AppData\\Local\\Temp\\B7BFB2C6-B6D6-4A90-9668-203A2EC8FDA3\\en-US\\SysprepProvider.dll.mui'
on 537: 2026-06-15 17:08:37 - Temp Deleter : delete_files : 61 - DEBUG - Permission denied skipping file: [WinError 5] Access is denied: 'C:\\Users\\Tukusalifya\\AppData\\Local\\Temp\\B7BFB2C6-B6D6-4A90-9668-203A2EC8FDA3\\en-US\\TransmogProvider.dll.mui'
on 538: 2026-06-15 17:08:37 - Temp Deleter : delete_files : 61 - DEBUG - Permission denied skipping file: [WinError 5] Access is denied: 'C:\\Users\\Tukusalifya\\AppData\\Local\\Temp\\B7BFB2C6-B6D6-4A90-9668-203A2EC8FDA3\\en-US\\UnattendProvider.dll.mui'
on 539: 2026-06-15 17:08:37 - Temp Deleter : delete_files : 61 - DEBUG - Permission denied skipping file: [WinError 5] Access is denied: 'C:\\Users\\Tukusalifya\\AppData\\Local\\Temp\\B7BFB2C6-B6D6-4A90-9668-203A2EC8FDA3\\en-US\\VhdProvider.dll.mui'
on 540: 2026-06-15 17:08:37 - Temp Deleter : delete_files : 61 - DEBUG - Permission denied skipping file: [WinError 5] Access is denied: 'C:\\Users\\Tukusalifya\\AppData\\Local\\Temp\\B7BFB2C6-B6D6-4A90-9668-203A2EC8FDA3\\en-US\\WimProvider.dll.mui'
on 570: 2026-06-15 17:08:37 - Temp Deleter : delete_files : 61 - DEBUG - Permission denied skipping file: [WinError 5] Access is denied: 'C:\\Users\\Tukusalifya\\AppData\\Local\\Temp\\D459A57C-CBA8-421D-8B25-8476A34F5BC0\\en-US\\AppxProvider.dll.mui'
on 571: 2026-06-15 17:08:37 - Temp Deleter : delete_files : 61 - DEBUG - Permission denied skipping file: [WinError 5] Access is denied: 'C:\\Users\\Tukusalifya\\AppData\\Local\\Temp\\D459A57C-CBA8-421D-8B25-8476A34F5BC0\\en-US\\AssocProvider.dll.mui'
on 572: 2026-06-15 17:08:37 - Temp Deleter : delete_files : 61 - DEBUG - Permission denied skipping file: [WinError 5] Access is denied: 'C:\\Users\\Tukusalifya\\AppData\\Local\\Temp\\D459A57C-CBA8-421D-8B25-8476A34F5BC0\\en-US\\CbsProvider.dll.mui'
on 573: 2026-06-15 17:08:37 - Temp Deleter : delete_files : 61 - DEBUG - Permission denied skipping file: [WinError 5] Access is denied: 'C:\\Users\\Tukusalifya\\AppData\\Local\\Temp\\D459A57C-CBA8-421D-8B25-8476A34F5BC0\\en-US\\DismCore.dll.mui'
on 574: 2026-06-15 17:08:37 - Temp Deleter : delete_files : 61 - DEBUG - Permission denied skipping file: [WinError 5] Access is denied: 'C:\\Users\\Tukusalifya\\AppData\\Local\\Temp\\D459A57C-CBA8-421D-8B25-8476A34F5BC0\\en-US\\DismProv.dll.mui'
on 575: 2026-06-15 17:08:37 - Temp Deleter : delete_files : 61 - DEBUG - Permission denied skipping file: [WinError 5] Access is denied: 'C:\\Users\\Tukusalifya\\AppData\\Local\\Temp\\D459A57C-CBA8-421D-8B25-8476A34F5BC0\\en-US\\DmiProvider.dll.mui'
on 576: 2026-06-15 17:08:37 - Temp Deleter : delete_files : 61 - DEBUG - Permission denied skipping file: [WinError 5] Access is denied: 'C:\\Users\\Tukusalifya\\AppData\\Local\\Temp\\D459A57C-CBA8-421D-8B25-8476A34F5BC0\\en-US\\FfuProvider.dll.mui'
on 577: 2026-06-15 17:08:37 - Temp Deleter : delete_files : 61 - DEBUG - Permission denied skipping file: [WinError 5] Access is denied: 'C:\\Users\\Tukusalifya\\AppData\\Local\\Temp\\D459A57C-CBA8-421D-8B25-8476A34F5BC0\\en-US\\FolderProvider.dll.mui'
on 578: 2026-06-15 17:08:37 - Temp Deleter : delete_files : 61 - DEBUG - Permission denied skipping file: [WinError 5] Access is denied: 'C:\\Users\\Tukusalifya\\AppData\\Local\\Temp\\D459A57C-CBA8-421D-8B25-8476A34F5BC0\\en-US\\GenericProvider.dll.mui'
on 579: 2026-06-15 17:08:37 - Temp Deleter : delete_files : 61 - DEBUG - Permission denied skipping file: [WinError 5] Access is denied: 'C:\\Users\\Tukusalifya\\AppData\\Local\\Temp\\D459A57C-CBA8-421D-8B25-8476A34F5BC0\\en-US\\IBSProvider.dll.mui'
on 580: 2026-06-15 17:08:37 - Temp Deleter : delete_files : 61 - DEBUG - Permission denied skipping file: [WinError 5] Access is denied: 'C:\\Users\\Tukusalifya\\AppData\\Local\\Temp\\D459A57C-CBA8-421D-8B25-8476A34F5BC0\\en-US\\ImagingProvider.dll.mui'
on 581: 2026-06-15 17:08:37 - Temp Deleter : delete_files : 61 - DEBUG - Permission denied skipping file: [WinError 5] Access is denied: 'C:\\Users\\Tukusalifya\\AppData\\Local\\Temp\\D459A57C-CBA8-421D-8B25-8476A34F5BC0\\en-US\\IntlProvider.dll.mui'
on 582: 2026-06-15 17:08:37 - Temp Deleter : delete_files : 61 - DEBUG - Permission denied skipping file: [WinError 5] Access is denied: 'C:\\Users\\Tukusalifya\\AppData\\Local\\Temp\\D459A57C-CBA8-421D-8B25-8476A34F5BC0\\en-US\\LogProvider.dll.mui'
on 583: 2026-06-15 17:08:37 - Temp Deleter : delete_files : 61 - DEBUG - Permission denied skipping file: [WinError 5] Access is denied: 'C:\\Users\\Tukusalifya\\AppData\\Local\\Temp\\D459A57C-CBA8-421D-8B25-8476A34F5BC0\\en-US\\MsiProvider.dll.mui'
on 584: 2026-06-15 17:08:37 - Temp Deleter : delete_files : 61 - DEBUG - Permission denied skipping file: [WinError 5] Access is denied: 'C:\\Users\\Tukusalifya\\AppData\\Local\\Temp\\D459A57C-CBA8-421D-8B25-8476A34F5BC0\\en-US\\OfflineSetupProvider.dll.mui'
on 585: 2026-06-15 17:08:37 - Temp Deleter : delete_files : 61 - DEBUG - Permission denied skipping file: [WinError 5] Access is denied: 'C:\\Users\\Tukusalifya\\AppData\\Local\\Temp\\D459A57C-CBA8-421D-8B25-8476A34F5BC0\\en-US\\OSProvider.dll.mui'
on 586: 2026-06-15 17:08:37 - Temp Deleter : delete_files : 61 - DEBUG - Permission denied skipping file: [WinError 5] Access is denied: 'C:\\Users\\Tukusalifya\\AppData\\Local\\Temp\\D459A57C-CBA8-421D-8B25-8476A34F5BC0\\en-US\\ProvProvider.dll.mui'
on 587: 2026-06-15 17:08:37 - Temp Deleter : delete_files : 61 - DEBUG - Permission denied skipping file: [WinError 5] Access is denied: 'C:\\Users\\Tukusalifya\\AppData\\Local\\Temp\\D459A57C-CBA8-421D-8B25-8476A34F5BC0\\en-US\\SetupPlatformProvider.dll.mui'
on 588: 2026-06-15 17:08:37 - Temp Deleter : delete_files : 61 - DEBUG - Permission denied skipping file: [WinError 5] Access is denied: 'C:\\Users\\Tukusalifya\\AppData\\Local\\Temp\\D459A57C-CBA8-421D-8B25-8476A34F5BC0\\en-US\\SmiProvider.dll.mui'
on 589: 2026-06-15 17:08:37 - Temp Deleter : delete_files : 61 - DEBUG - Permission denied skipping file: [WinError 5] Access is denied: 'C:\\Users\\Tukusalifya\\AppData\\Local\\Temp\\D459A57C-CBA8-421D-8B25-8476A34F5BC0\\en-US\\SysprepProvider.dll.mui'
on 590: 2026-06-15 17:08:37 - Temp Deleter : delete_files : 61 - DEBUG - Permission denied skipping file: [WinError 5] Access is denied: 'C:\\Users\\Tukusalifya\\AppData\\Local\\Temp\\D459A57C-CBA8-421D-8B25-8476A34F5BC0\\en-US\\TransmogProvider.dll.mui'
on 591: 2026-06-15 17:08:37 - Temp Deleter : delete_files : 61 - DEBUG - Permission denied skipping file: [WinError 5] Access is denied: 'C:\\Users\\Tukusalifya\\AppData\\Local\\Temp\\D459A57C-CBA8-421D-8B25-8476A34F5BC0\\en-US\\UnattendProvider.dll.mui'
on 592: 2026-06-15 17:08:37 - Temp Deleter : delete_files : 61 - DEBUG - Permission denied skipping file: [WinError 5] Access is denied: 'C:\\Users\\Tukusalifya\\AppData\\Local\\Temp\\D459A57C-CBA8-421D-8B25-8476A34F5BC0\\en-US\\VhdProvider.dll.mui'
on 593: 2026-06-15 17:08:37 - Temp Deleter : delete_files : 61 - DEBUG - Permission denied skipping file: [WinError 5] Access is denied: 'C:\\Users\\Tukusalifya\\AppData\\Local\\Temp\\D459A57C-CBA8-421D-8B25-8476A34F5BC0\\en-US\\WimProvider.dll.mui'
on 604: 2026-06-15 17:08:37 - Temp Deleter : delete_files : 61 - DEBUG - Permission denied skipping file: [WinError 32] The process cannot access the file because it is being used by another process: 'C:\\Users\\Tukusalifya\\AppData\\Local\\Temp\\Diagnostics\\WINWORD\\Primary1781272529410271900_CF20DEEC-BD46-482C-BCFE-0CE6E26CBE46.log'
on 605: 2026-06-15 17:08:37 - Temp Deleter : delete_files : 61 - DEBUG - Permission denied skipping file: [WinError 32] The process cannot access the file because it is being used by another process: 'C:\\Users\\Tukusalifya\\AppData\\Local\\Temp\\Diagnostics\\WINWORD\\Primary1781272529411253100_CF20DEEC-BD46-482C-BCFE-0CE6E26CBE46.log'
on 616: 2026-06-15 17:08:37 - Temp Deleter : delete_files : 61 - DEBUG - Permission denied skipping file: [WinError 32] The process cannot access the file because it is being used by another process: 'C:\\Users\\Tukusalifya\\AppData\\Local\\Temp\\Diagnostics\\WINWORD\\Additional\\Additional1781272529681626400_CF20DEEC-BD46-482C-BCFE-0CE6E26CBE46.log'
on 617: 2026-06-15 17:08:37 - Temp Deleter : delete_files : 61 - DEBUG - Permission denied skipping file: [WinError 32] The process cannot access the file because it is being used by another process: 'C:\\Users\\Tukusalifya\\AppData\\Local\\Temp\\Diagnostics\\WINWORD\\Additional\\Additional1781272529689206700_CF20DEEC-BD46-482C-BCFE-0CE6E26CBE46.log'
2026-06-15 17:08:37 - Temp Deleter : delete_files : 72 - INFO - Total number of files deleted: 933/1096
2026-06-15 17:08:37 - Temp Deleter : delete_files : 73 - INFO - Total size of deleted files: 457.72 MB

on 165: 2026-06-15 17:08:38 - Temp Deleter : delete_empty_folders : 111 - DEBUG - OS error skipping folder: [WinError 145] The directory is not empty: 'C:\\Users\\Tukusalifya\\AppData\\Local\\Temp\\Diagnostics'
2026-06-15 17:08:38 - Temp Deleter : delete_empty_folders : 119 - INFO - Total number of empty folders deleted: 247
